// Jest Snapshot v1, https://goo.gl/fbAQLP

exports[`renders basic text and link 1`] = `
<div>
  Landing
  <a
    href="/feed"
    onClick={[Function]}
  >
    goto feed
  </a>
</div>
`;
